// Jest Snapshot v1, https://goo.gl/fbAQLP

exports[`@omnistylejs/core Basic View render 1`] = `<View />`;
